MPLINK 5.08, LINKER
Linker Map File - Created Tue Dec 29 17:23:12 2020

                                 Section Info
                  Section       Type    Address   Location Size(Bytes)
                ---------  ---------  ---------  ---------  ---------
                 RES_VECT       code   0x000000    program   0x000004
                   .cinit    romdata   0x000004    program   0x000002
                MAIN_PROG       code   0x000006    program   0x000024
.config_300001_BUILD/DEFAULT/PRODUCTION/MAIN.O    romdata   0x300001    program   0x000001



                              Program Memory Usage 
                               Start         End      
                           ---------   ---------      
                            0x000000    0x000029      
                            0x300001    0x300001      
            43 out of 33048 program addresses used, program memory utilization is 0%



                              Symbols - Sorted by Name
                     Name    Address   Location    Storage File                     
                ---------  ---------  ---------  --------- ---------                
                  LED_OFF   0x000012    program     static C:\Users\mrfma\OneDrive\Desktop\MPLABXProjects\4-15\PIC18F4520-Button-Led-MPASM.X\main.asm
                   LED_ON   0x00001e    program     static C:\Users\mrfma\OneDrive\Desktop\MPLABXProjects\4-15\PIC18F4520-Button-Led-MPASM.X\main.asm
                    START   0x000006    program     static C:\Users\mrfma\OneDrive\Desktop\MPLABXProjects\4-15\PIC18F4520-Button-Led-MPASM.X\main.asm



                              Symbols - Sorted by Address
                     Name    Address   Location    Storage File                     
                ---------  ---------  ---------  --------- ---------                
                    START   0x000006    program     static C:\Users\mrfma\OneDrive\Desktop\MPLABXProjects\4-15\PIC18F4520-Button-Led-MPASM.X\main.asm
                  LED_OFF   0x000012    program     static C:\Users\mrfma\OneDrive\Desktop\MPLABXProjects\4-15\PIC18F4520-Button-Led-MPASM.X\main.asm
                   LED_ON   0x00001e    program     static C:\Users\mrfma\OneDrive\Desktop\MPLABXProjects\4-15\PIC18F4520-Button-Led-MPASM.X\main.asm


